[09:23:45.635] [INFO] [FluidAudio.Main] Host environment: macOS Version 26.5.1 (Build 25F80), arch=arm64, chip=Apple M4 Pro, cores=14/14, mem=48 GB, rosetta=false
[09:23:45.639] [INFO] [FluidAudio.NemotronMultilingualFleurs] Nemotron Multilingual FLEURS Benchmark
[09:23:45.639] [INFO] [FluidAudio.NemotronMultilingualFleurs] ==================================================
[09:23:45.639] [INFO] [FluidAudio.NemotronMultilingualFleurs] Dataset: fleurs (FluidInference/fleurs-full)
[09:23:45.639] [INFO] [FluidAudio.NemotronMultilingualFleurs] Languages: en_us, cmn_hans_cn
[09:23:45.639] [INFO] [FluidAudio.NemotronMultilingualFleurs] Samples per language: 100
[09:23:45.639] [INFO] [FluidAudio.NemotronMultilingualFleurs] Model dir: /Users/timapple/src/nemotron-export/out/80ms-fp16
[09:23:45.639] [INFO] [FluidAudio.NemotronMultilingualFleurs] Dataset repo: FluidInference/fleurs-full
[09:23:45.639] [INFO] [FluidAudio.NemotronMultilingualFleurs] Cache dir: /Users/timapple/Library/Application Support/FluidAudio/FLEURS-full
[09:23:45.639] [INFO] [FluidAudio.NemotronMultilingualFleurs] Output: benchres/bench_80ms-fp16.json
[09:23:45.639] [INFO] [FluidAudio.NemotronMultilingualFleurs] Starting Nemotron Multilingual FLEURS Benchmark
[09:23:45.639] [INFO] [FluidAudio.NemotronMultilingualFleurs] ==================================================
[09:23:45.645] [INFO] [FluidAudio.FLEURSBenchmark] FLEURS en_us already downloaded
[09:23:45.652] [INFO] [FluidAudio.FLEURSBenchmark] FLEURS cmn_hans_cn already downloaded
[09:23:45.658] [INFO] [FluidAudio.FLEURSBenchmark] Loaded 100 samples for en_us
[09:23:45.667] [INFO] [FluidAudio.FLEURSBenchmark] Loaded 100 samples for cmn_hans_cn
[09:23:45.667] [INFO] [FluidAudio.NemotronMultilingualFleurs] Loaded 200 samples across 2 languages
[09:23:45.667] [INFO] [FluidAudio.NemotronMultilingualStreaming] Loading Nemotron multilingual CoreML models from /Users/timapple/src/nemotron-export/out/80ms-fp16...
[09:23:45.667] [INFO] [FluidAudio.NemotronMultilingualStreaming] Loaded multilingual config: 80ms chunks, vocab=13087, 128 prompts, default=101
[09:23:45.680] [INFO] [FluidAudio.NemotronMultilingualStreaming] Compiling encoder.mlpackage to .mlmodelc (first run only)...
[09:24:01.596] [INFO] [FluidAudio.NemotronMultilingualStreaming] Compiling decoder.mlpackage to .mlmodelc (first run only)...
[09:24:01.713] [INFO] [FluidAudio.NemotronMultilingualStreaming] Compiling joint.mlpackage to .mlmodelc (first run only)...
[09:24:01.795] [INFO] [FluidAudio.NemotronMultilingualStreaming] Smart-spec: assets missing (joint_noencproj_batched.mlpackage); falling back to legacy inner loop
[09:24:01.831] [INFO] [FluidAudio.NemotronMultilingualStreaming] Model warm-up complete
[09:24:01.831] [INFO] [FluidAudio.NemotronMultilingualStreaming] Nemotron multilingual models loaded successfully (80ms chunks).
[09:24:01.831] [INFO] [FluidAudio.NemotronMultilingualStreaming] Prompt id set to 0 for language en-US
[09:26:25.730] [INFO] [FluidAudio.NemotronMultilingualFleurs] en_us [en-US]: WER=11.1%, CER=5.9%, RTFx=6.7x (100 processed)
[09:26:25.730] [INFO] [FluidAudio.NemotronMultilingualStreaming] Prompt id set to 4 for language zh-CN
[09:29:12.009] [INFO] [FluidAudio.NemotronMultilingualFleurs] cmn_hans_cn [zh-CN]: WER=19.6%, CER=19.6%, RTFx=6.7x (100 processed)
[09:29:12.024] [INFO] [FluidAudio.NemotronMultilingualFleurs] Results saved to benchres/bench_80ms-fp16.json
[09:29:12.024] [INFO] [FluidAudio.Main] Peak memory usage (process-wide): 1.189 GB

Language     | Prompt   | WER%   | CER%   | RTFx   | Duration  | Processed | Skipped
--------------------------------------------------------------------------------
en_us        | en-US    | 11.1   | 5.9    | 6.7    | 953.9s    | 100       | -
cmn_hans_cn  | zh-CN    | 19.6   | 19.6   | 6.7    | 1104.8s   | 100       | -
--------------------------------------------------------------------------------
AVERAGE      | —        | 15.3   | 12.7   | 6.7   
