[09:03:17.277] [INFO] [FluidAudio.Main] Host environment: macOS Version 26.5.1 (Build 25F80), arch=arm64, chip=Apple M4 Pro, cores=14/14, mem=48 GB, rosetta=false
[09:03:17.278] [INFO] [FluidAudio.NemotronMultilingualFleurs] Nemotron Multilingual FLEURS Benchmark
[09:03:17.278] [INFO] [FluidAudio.NemotronMultilingualFleurs] Dataset: fleurs (FluidInference/fleurs-full)
[09:03:17.278] [INFO] [FluidAudio.NemotronMultilingualFleurs] ==================================================
[09:03:17.278] [INFO] [FluidAudio.NemotronMultilingualFleurs] Languages: en_us, cmn_hans_cn
[09:03:17.278] [INFO] [FluidAudio.NemotronMultilingualFleurs] Samples per language: 100
[09:03:17.278] [INFO] [FluidAudio.NemotronMultilingualFleurs] Model dir: /Users/timapple/src/nemotron-export/out/320ms
[09:03:17.278] [INFO] [FluidAudio.NemotronMultilingualFleurs] Cache dir: /Users/timapple/Library/Application Support/FluidAudio/FLEURS-full
[09:03:17.278] [INFO] [FluidAudio.NemotronMultilingualFleurs] Output: benchres/bench_320ms.json
[09:03:17.278] [INFO] [FluidAudio.NemotronMultilingualFleurs] Dataset repo: FluidInference/fleurs-full
[09:03:17.278] [INFO] [FluidAudio.NemotronMultilingualFleurs] Starting Nemotron Multilingual FLEURS Benchmark
[09:03:17.278] [INFO] [FluidAudio.NemotronMultilingualFleurs] ==================================================
[09:03:17.284] [INFO] [FluidAudio.FLEURSBenchmark] FLEURS en_us already downloaded
[09:03:17.291] [INFO] [FluidAudio.FLEURSBenchmark] FLEURS cmn_hans_cn already downloaded
[09:03:17.297] [INFO] [FluidAudio.FLEURSBenchmark] Loaded 100 samples for en_us
[09:03:17.305] [INFO] [FluidAudio.FLEURSBenchmark] Loaded 100 samples for cmn_hans_cn
[09:03:17.305] [INFO] [FluidAudio.NemotronMultilingualFleurs] Loaded 200 samples across 2 languages
[09:03:17.305] [INFO] [FluidAudio.NemotronMultilingualStreaming] Loading Nemotron multilingual CoreML models from /Users/timapple/src/nemotron-export/out/320ms...
[09:03:17.306] [INFO] [FluidAudio.NemotronMultilingualStreaming] Loaded multilingual config: 320ms chunks, vocab=13087, 128 prompts, default=101
[09:03:17.395] [INFO] [FluidAudio.NemotronMultilingualStreaming] Smart-spec: assets missing (joint_noencproj_batched.mlpackage); falling back to legacy inner loop
[09:03:19.854] [INFO] [FluidAudio.NemotronMultilingualStreaming] Model warm-up complete
[09:03:19.854] [INFO] [FluidAudio.NemotronMultilingualStreaming] Nemotron multilingual models loaded successfully (320ms chunks).
[09:03:19.855] [INFO] [FluidAudio.NemotronMultilingualStreaming] Prompt id set to 0 for language en-US
[09:05:03.157] [INFO] [FluidAudio.NemotronMultilingualFleurs] en_us [en-US]: WER=8.8%, CER=4.5%, RTFx=9.4x (100 processed)
[09:05:03.157] [INFO] [FluidAudio.NemotronMultilingualStreaming] Prompt id set to 4 for language zh-CN
[09:07:01.196] [INFO] [FluidAudio.NemotronMultilingualFleurs] cmn_hans_cn [zh-CN]: WER=18.2%, CER=18.2%, RTFx=9.5x (100 processed)
[09:07:01.206] [INFO] [FluidAudio.NemotronMultilingualFleurs] Results saved to benchres/bench_320ms.json
[09:07:01.206] [INFO] [FluidAudio.Main] Peak memory usage (process-wide): 2.372 GB

Language     | Prompt   | WER%   | CER%   | RTFx   | Duration  | Processed | Skipped
--------------------------------------------------------------------------------
en_us        | en-US    | 8.8    | 4.5    | 9.4    | 953.9s    | 100       | -
cmn_hans_cn  | zh-CN    | 18.2   | 18.2   | 9.5    | 1104.8s   | 100       | -
--------------------------------------------------------------------------------
AVERAGE      | —        | 13.5   | 11.3   | 9.5   
