[08:58:26.064] [INFO] [FluidAudio.Main] Host environment: macOS Version 26.5.1 (Build 25F80), arch=arm64, chip=Apple M4 Pro, cores=14/14, mem=48 GB, rosetta=false
[08:58:26.076] [INFO] [FluidAudio.NemotronMultilingualFleurs] Nemotron Multilingual FLEURS Benchmark
[08:58:26.076] [INFO] [FluidAudio.NemotronMultilingualFleurs] ==================================================
[08:58:26.076] [INFO] [FluidAudio.NemotronMultilingualFleurs] Dataset: fleurs (FluidInference/fleurs-full)
[08:58:26.076] [INFO] [FluidAudio.NemotronMultilingualFleurs] Languages: en_us, cmn_hans_cn
[08:58:26.076] [INFO] [FluidAudio.NemotronMultilingualFleurs] Samples per language: 100
[08:58:26.076] [INFO] [FluidAudio.NemotronMultilingualFleurs] Model dir: /Users/timapple/src/nemotron-export/out/560ms
[08:58:26.076] [INFO] [FluidAudio.NemotronMultilingualFleurs] Dataset repo: FluidInference/fleurs-full
[08:58:26.076] [INFO] [FluidAudio.NemotronMultilingualFleurs] Cache dir: /Users/timapple/Library/Application Support/FluidAudio/FLEURS-full
[08:58:26.076] [INFO] [FluidAudio.NemotronMultilingualFleurs] Output: benchres/bench_560ms.json
[08:58:26.076] [INFO] [FluidAudio.NemotronMultilingualFleurs] Starting Nemotron Multilingual FLEURS Benchmark
[08:58:26.076] [INFO] [FluidAudio.NemotronMultilingualFleurs] ==================================================
[08:58:26.076] [INFO] [FluidAudio.FLEURSBenchmark] Downloading FLEURS dataset for English (US)...
[08:58:26.076] [INFO] [FluidAudio.FLEURSBenchmark] Downloading FLEURS test set for en_us...
[08:58:26.076] [INFO] [FluidAudio.FLEURSBenchmark] Downloading from HuggingFace: FluidInference/fleurs-full/en_us...
[08:58:26.677] [INFO] [FluidAudio.FLEURSBenchmark] Downloaded 647 transcriptions
[08:58:35.851] [INFO] [FluidAudio.FLEURSBenchmark] Downloaded 10/100 audio files...
[08:58:43.779] [INFO] [FluidAudio.FLEURSBenchmark] Downloaded 20/100 audio files...
[08:58:51.445] [INFO] [FluidAudio.FLEURSBenchmark] Downloaded 30/100 audio files...
[08:58:59.432] [INFO] [FluidAudio.FLEURSBenchmark] Downloaded 40/100 audio files...
[08:59:06.056] [INFO] [FluidAudio.FLEURSBenchmark] Downloaded 50/100 audio files...
[08:59:15.561] [INFO] [FluidAudio.FLEURSBenchmark] Downloaded 60/100 audio files...
[08:59:24.343] [INFO] [FluidAudio.FLEURSBenchmark] Downloaded 70/100 audio files...
[08:59:32.007] [INFO] [FluidAudio.FLEURSBenchmark] Downloaded 80/100 audio files...
[08:59:40.912] [INFO] [FluidAudio.FLEURSBenchmark] Downloaded 90/100 audio files...
[08:59:49.847] [INFO] [FluidAudio.FLEURSBenchmark] Downloaded 100/100 audio files...
[08:59:49.847] [INFO] [FluidAudio.FLEURSBenchmark] Downloaded 100 audio files
[08:59:49.847] [INFO] [FluidAudio.FLEURSBenchmark] Downloaded FLEURS en_us
[08:59:49.847] [INFO] [FluidAudio.FLEURSBenchmark] Downloading FLEURS dataset for Mandarin (China)...
[08:59:49.847] [INFO] [FluidAudio.FLEURSBenchmark] Downloading FLEURS test set for cmn_hans_cn...
[08:59:49.847] [INFO] [FluidAudio.FLEURSBenchmark] Downloading from HuggingFace: FluidInference/fleurs-full/cmn_hans_cn...
[08:59:50.306] [INFO] [FluidAudio.FLEURSBenchmark] Downloaded 945 transcriptions
[08:59:55.540] [INFO] [FluidAudio.FLEURSBenchmark] Downloaded 10/100 audio files...
[09:00:00.774] [INFO] [FluidAudio.FLEURSBenchmark] Downloaded 20/100 audio files...
[09:00:06.056] [INFO] [FluidAudio.FLEURSBenchmark] Downloaded 30/100 audio files...
[09:00:11.271] [INFO] [FluidAudio.FLEURSBenchmark] Downloaded 40/100 audio files...
[09:00:16.573] [INFO] [FluidAudio.FLEURSBenchmark] Downloaded 50/100 audio files...
[09:00:24.365] [INFO] [FluidAudio.FLEURSBenchmark] Downloaded 60/100 audio files...
[09:00:33.665] [INFO] [FluidAudio.FLEURSBenchmark] Downloaded 70/100 audio files...
[09:00:41.351] [INFO] [FluidAudio.FLEURSBenchmark] Downloaded 80/100 audio files...
[09:00:47.988] [INFO] [FluidAudio.FLEURSBenchmark] Downloaded 90/100 audio files...
[09:00:54.408] [INFO] [FluidAudio.FLEURSBenchmark] Downloaded 100/100 audio files...
[09:00:54.409] [INFO] [FluidAudio.FLEURSBenchmark] Downloaded 100 audio files
[09:00:54.409] [INFO] [FluidAudio.FLEURSBenchmark] Downloaded FLEURS cmn_hans_cn
[09:00:54.434] [INFO] [FluidAudio.FLEURSBenchmark] Loaded 100 samples for en_us
[09:00:54.451] [INFO] [FluidAudio.FLEURSBenchmark] Loaded 100 samples for cmn_hans_cn
[09:00:54.451] [INFO] [FluidAudio.NemotronMultilingualFleurs] Loaded 200 samples across 2 languages
[09:00:54.452] [INFO] [FluidAudio.NemotronMultilingualStreaming] Loading Nemotron multilingual CoreML models from /Users/timapple/src/nemotron-export/out/560ms...
[09:00:54.454] [INFO] [FluidAudio.NemotronMultilingualStreaming] Loaded multilingual config: 560ms chunks, vocab=13087, 128 prompts, default=101
[09:00:54.545] [INFO] [FluidAudio.NemotronMultilingualStreaming] Smart-spec: assets missing (joint_noencproj_batched.mlpackage); falling back to legacy inner loop
[09:00:56.893] [INFO] [FluidAudio.NemotronMultilingualStreaming] Model warm-up complete
[09:00:56.893] [INFO] [FluidAudio.NemotronMultilingualStreaming] Nemotron multilingual models loaded successfully (560ms chunks).
[09:00:56.893] [INFO] [FluidAudio.NemotronMultilingualStreaming] Prompt id set to 0 for language en-US
[09:02:02.391] [INFO] [FluidAudio.NemotronMultilingualFleurs] en_us [en-US]: WER=8.0%, CER=4.1%, RTFx=15.0x (100 processed)
[09:02:02.391] [INFO] [FluidAudio.NemotronMultilingualStreaming] Prompt id set to 4 for language zh-CN
[09:03:17.256] [INFO] [FluidAudio.NemotronMultilingualFleurs] cmn_hans_cn [zh-CN]: WER=18.6%, CER=18.6%, RTFx=15.1x (100 processed)
[09:03:17.267] [INFO] [FluidAudio.NemotronMultilingualFleurs] Results saved to benchres/bench_560ms.json
[09:03:17.267] [INFO] [FluidAudio.Main] Peak memory usage (process-wide): 2.383 GB

Language     | Prompt   | WER%   | CER%   | RTFx   | Duration  | Processed | Skipped
--------------------------------------------------------------------------------
en_us        | en-US    | 8.0    | 4.1    | 15.0   | 953.9s    | 100       | -
cmn_hans_cn  | zh-CN    | 18.6   | 18.6   | 15.1   | 1104.8s   | 100       | -
--------------------------------------------------------------------------------
AVERAGE      | —        | 13.3   | 11.3   | 15.1  
