[09:31:39.414] [INFO] [FluidAudio.Main] Host environment: macOS Version 26.5.1 (Build 25F80), arch=arm64, chip=Apple M4 Pro, cores=14/14, mem=48 GB, rosetta=false
[09:31:39.416] [INFO] [FluidAudio.NemotronMultilingualFleurs] Nemotron Multilingual FLEURS Benchmark
[09:31:39.416] [INFO] [FluidAudio.NemotronMultilingualFleurs] ==================================================
[09:31:39.416] [INFO] [FluidAudio.NemotronMultilingualFleurs] Dataset: fleurs (FluidInference/fleurs-full)
[09:31:39.416] [INFO] [FluidAudio.NemotronMultilingualFleurs] Languages: en_us, cmn_hans_cn
[09:31:39.416] [INFO] [FluidAudio.NemotronMultilingualFleurs] Samples per language: 100
[09:31:39.416] [INFO] [FluidAudio.NemotronMultilingualFleurs] Model dir: /Users/timapple/src/nemotron-export/out/320ms-int8
[09:31:39.416] [INFO] [FluidAudio.NemotronMultilingualFleurs] Cache dir: /Users/timapple/Library/Application Support/FluidAudio/FLEURS-full
[09:31:39.416] [INFO] [FluidAudio.NemotronMultilingualFleurs] Output: benchres/bench_320ms-int8.json
[09:31:39.416] [INFO] [FluidAudio.NemotronMultilingualFleurs] Starting Nemotron Multilingual FLEURS Benchmark
[09:31:39.416] [INFO] [FluidAudio.NemotronMultilingualFleurs] ==================================================
[09:31:39.416] [INFO] [FluidAudio.NemotronMultilingualFleurs] Dataset repo: FluidInference/fleurs-full
[09:31:39.421] [INFO] [FluidAudio.FLEURSBenchmark] FLEURS en_us already downloaded
[09:31:39.428] [INFO] [FluidAudio.FLEURSBenchmark] FLEURS cmn_hans_cn already downloaded
[09:31:39.434] [INFO] [FluidAudio.FLEURSBenchmark] Loaded 100 samples for en_us
[09:31:39.442] [INFO] [FluidAudio.FLEURSBenchmark] Loaded 100 samples for cmn_hans_cn
[09:31:39.442] [INFO] [FluidAudio.NemotronMultilingualFleurs] Loaded 200 samples across 2 languages
[09:31:39.442] [INFO] [FluidAudio.NemotronMultilingualStreaming] Loading Nemotron multilingual CoreML models from /Users/timapple/src/nemotron-export/out/320ms-int8...
[09:31:39.443] [INFO] [FluidAudio.NemotronMultilingualStreaming] Loaded multilingual config: 320ms chunks, vocab=13087, 128 prompts, default=101
[09:31:39.455] [INFO] [FluidAudio.NemotronMultilingualStreaming] Compiling encoder.mlpackage to .mlmodelc (first run only)...
[09:31:45.038] [INFO] [FluidAudio.NemotronMultilingualStreaming] Compiling decoder.mlpackage to .mlmodelc (first run only)...
[09:31:45.256] [INFO] [FluidAudio.NemotronMultilingualStreaming] Compiling joint.mlpackage to .mlmodelc (first run only)...
[09:31:45.388] [INFO] [FluidAudio.NemotronMultilingualStreaming] Smart-spec: assets missing (joint_noencproj_batched.mlpackage); falling back to legacy inner loop
[09:31:45.548] [INFO] [FluidAudio.NemotronMultilingualStreaming] Model warm-up complete
[09:31:45.548] [INFO] [FluidAudio.NemotronMultilingualStreaming] Nemotron multilingual models loaded successfully (320ms chunks).
[09:31:45.549] [INFO] [FluidAudio.NemotronMultilingualStreaming] Prompt id set to 0 for language en-US
[09:33:28.150] [INFO] [FluidAudio.NemotronMultilingualFleurs] en_us [en-US]: WER=9.0%, CER=4.7%, RTFx=9.5x (100 processed)
[09:33:28.150] [INFO] [FluidAudio.NemotronMultilingualStreaming] Prompt id set to 4 for language zh-CN
[09:35:25.441] [INFO] [FluidAudio.NemotronMultilingualFleurs] cmn_hans_cn [zh-CN]: WER=17.9%, CER=17.9%, RTFx=9.6x (100 processed)
[09:35:25.454] [INFO] [FluidAudio.NemotronMultilingualFleurs] Results saved to benchres/bench_320ms-int8.json
[09:35:25.454] [INFO] [FluidAudio.Main] Peak memory usage (process-wide): 2.880 GB

Language     | Prompt   | WER%   | CER%   | RTFx   | Duration  | Processed | Skipped
--------------------------------------------------------------------------------
en_us        | en-US    | 9.0    | 4.7    | 9.5    | 953.9s    | 100       | -
cmn_hans_cn  | zh-CN    | 17.9   | 17.9   | 9.6    | 1104.8s   | 100       | -
--------------------------------------------------------------------------------
AVERAGE      | —        | 13.5   | 11.3   | 9.5   
